// Jest Snapshot v1, https://goo.gl/fbAQLP

exports[`Footer Page to Match SnapShot 1`] = `ShallowWrapper {}`;
