// Jest Snapshot v1, https://goo.gl/fbAQLP

exports[`Testing for Routing to Match SnapShot 1`] = `ShallowWrapper {}`;
