// Jest Snapshot v1, https://goo.gl/fbAQLP

exports[`Testing Profile Page to Match SnapShot 1`] = `ShallowWrapper {}`;
